

================================================================
== Vivado HLS Report for 'dense_resource_ap_fixed_ap_fixed_7_6_5_3_0_config14_s'
================================================================
* Date:           Tue Jul  6 01:07:20 2021

* Version:        2020.1.1 (Build 2951007 on Wed Aug 05 23:24:06 MDT 2020)
* Project:        myproject_prj
* Solution:       solution1
* Product family: virtexuplus
* Target device:  xcu250-figd2104-2L-e


================================================================
== Performance Estimates
================================================================
+ Timing: 
    * Summary: 
    +--------+---------+----------+------------+
    |  Clock |  Target | Estimated| Uncertainty|
    +--------+---------+----------+------------+
    |ap_clk  | 5.00 ns | 3.691 ns |   0.62 ns  |
    +--------+---------+----------+------------+

+ Latency: 
    * Summary: 
    +---------+---------+-----------+-----------+------+------+---------------------------------------------+
    |  Latency (cycles) |   Latency (absolute)  |   Interval  |                   Pipeline                  |
    |   min   |   max   |    min    |    max    |  min |  max |                     Type                    |
    +---------+---------+-----------+-----------+------+------+---------------------------------------------+
    |     2001|     2002| 10.005 us | 10.010 us |  2000|  2000| loop rewind(delay=0 initiation interval(s)) |
    +---------+---------+-----------+-----------+------+------+---------------------------------------------+

    + Detail: 
        * Instance: 
        N/A

        * Loop: 
        +-------------+---------+---------+----------+-----------+-----------+------+----------+
        |             |  Latency (cycles) | Iteration|  Initiation Interval  | Trip |          |
        |  Loop Name  |   min   |   max   |  Latency |  achieved |   target  | Count| Pipelined|
        +-------------+---------+---------+----------+-----------+-----------+------+----------+
        |- ReuseLoop  |     2001|     2001|         3|          1|          1|  2000|    yes   |
        +-------------+---------+---------+----------+-----------+-----------+------+----------+



================================================================
== Utilization Estimates
================================================================
* Summary: 
+---------------------+---------+-------+---------+---------+------+
|         Name        | BRAM_18K| DSP48E|    FF   |   LUT   | URAM |
+---------------------+---------+-------+---------+---------+------+
|DSP                  |        -|      1|        -|        -|     -|
|Expression           |        -|      -|        0|      151|     -|
|FIFO                 |        -|      -|        -|        -|     -|
|Instance             |        -|      -|        0|      110|     -|
|Memory               |        3|      -|        0|        0|     -|
|Multiplexer          |        -|      -|        -|      570|     -|
|Register             |        -|      -|      449|        -|     -|
+---------------------+---------+-------+---------+---------+------+
|Total                |        3|      1|      449|      831|     0|
+---------------------+---------+-------+---------+---------+------+
|Available SLR        |     1344|   3072|   864000|   432000|   320|
+---------------------+---------+-------+---------+---------+------+
|Utilization SLR (%)  |    ~0   |   ~0  |    ~0   |    ~0   |     0|
+---------------------+---------+-------+---------+---------+------+
|Available            |     5376|  12288|  3456000|  1728000|  1280|
+---------------------+---------+-------+---------+---------+------+
|Utilization (%)      |    ~0   |   ~0  |    ~0   |    ~0   |     0|
+---------------------+---------+-------+---------+---------+------+

+ Detail: 
    * Instance: 
    +---------------------------------+---------------------------+---------+-------+---+----+-----+
    |             Instance            |           Module          | BRAM_18K| DSP48E| FF| LUT| URAM|
    +---------------------------------+---------------------------+---------+-------+---+----+-----+
    |myproject_mux_104_16_1_1_U3039   |myproject_mux_104_16_1_1   |        0|      0|  0|  55|    0|
    |myproject_mux_2008_16_1_1_U3038  |myproject_mux_2008_16_1_1  |        0|      0|  0|  55|    0|
    +---------------------------------+---------------------------+---------+-------+---+----+-----+
    |Total                            |                           |        0|      0|  0| 110|    0|
    +---------------------------------+---------------------------+---------+-------+---+----+-----+

    * DSP48E: 
    +----------------------------------------+----------------------------------+-----------+
    |                Instance                |              Module              | Expression|
    +----------------------------------------+----------------------------------+-----------+
    |myproject_mul_mul_11s_16s_26_1_1_U3040  |myproject_mul_mul_11s_16s_26_1_1  |  i0 * i1  |
    +----------------------------------------+----------------------------------+-----------+

    * Memory: 
    +----------+--------------------------------------------------------------+---------+---+----+-----+------+-----+------+-------------+
    |  Memory  |                            Module                            | BRAM_18K| FF| LUT| URAM| Words| Bits| Banks| W*Bits*Banks|
    +----------+--------------------------------------------------------------+---------+---+----+-----+------+-----+------+-------------+
    |outidx_U  |dense_resource_ap_fixed_ap_fixed_7_6_5_3_0_config14_s_outg8j  |        1|  0|   0|    0|  2000|    4|     1|         8000|
    |w14_V_U   |dense_resource_ap_fixed_ap_fixed_7_6_5_3_0_config14_s_w14_V   |        2|  0|   0|    0|  2000|   11|     1|        22000|
    +----------+--------------------------------------------------------------+---------+---+----+-----+------+-----+------+-------------+
    |Total     |                                                              |        3|  0|   0|    0|  4000|   15|     2|        30000|
    +----------+--------------------------------------------------------------+---------+---+----+-----+------+-----+------+-------------+

    * FIFO: 
    N/A

    * Expression: 
    +-------------------------+----------+-------+---+----+------------+------------+
    |      Variable Name      | Operation| DSP48E| FF| LUT| Bitwidth P0| Bitwidth P1|
    +-------------------------+----------+-------+---+----+------------+------------+
    |acc_0_V_fu_4146_p2       |     +    |      0|  0|  23|          16|          16|
    |in_index_fu_4079_p2      |     +    |      0|  0|  39|          32|           1|
    |w_index_fu_4073_p2       |     +    |      0|  0|  18|           1|          11|
    |ap_condition_402         |    and   |      0|  0|   2|           1|           1|
    |icmp_ln151_fu_4099_p2    |   icmp   |      0|  0|  13|          11|           7|
    |icmp_ln168_fu_4085_p2    |   icmp   |      0|  0|  20|          32|           8|
    |ap_block_state1          |    or    |      0|  0|   2|           1|           1|
    |select_ln168_fu_4091_p3  |  select  |      0|  0|  32|           1|           1|
    |ap_enable_pp0            |    xor   |      0|  0|   2|           1|           2|
    +-------------------------+----------+-------+---+----+------------+------------+
    |Total                    |          |      0|  0| 151|          96|          48|
    +-------------------------+----------+-------+---+----+------------+------------+

    * Multiplexer: 
    +------------------------------------------+----+-----------+-----+-----------+
    |                   Name                   | LUT| Input Size| Bits| Total Bits|
    +------------------------------------------+----+-----------+-----+-----------+
    |acc_0_V_026_reg_1997                      |   9|          2|   16|         32|
    |acc_1_V_025_reg_2011                      |   9|          2|   16|         32|
    |acc_2_V_024_reg_2025                      |   9|          2|   16|         32|
    |acc_3_V_023_reg_2039                      |   9|          2|   16|         32|
    |acc_4_V_022_reg_2053                      |   9|          2|   16|         32|
    |acc_5_V_021_reg_2067                      |   9|          2|   16|         32|
    |acc_6_V_020_reg_2081                      |   9|          2|   16|         32|
    |acc_7_V_019_reg_2095                      |   9|          2|   16|         32|
    |acc_8_V_018_reg_2109                      |   9|          2|   16|         32|
    |acc_9_V_017_reg_2123                      |   9|          2|   16|         32|
    |ap_NS_fsm                                 |  15|          3|    1|          3|
    |ap_done                                   |   9|          2|    1|          2|
    |ap_enable_reg_pp0_iter1                   |   9|          2|    1|          2|
    |ap_enable_reg_pp0_iter2                   |   9|          2|    1|          2|
    |ap_phi_mux_acc_0_V_1_phi_fu_2465_p20      |  15|          3|   16|         48|
    |ap_phi_mux_acc_1_V_1_phi_fu_2429_p20      |  15|          3|   16|         48|
    |ap_phi_mux_acc_2_V_1_phi_fu_2393_p20      |  15|          3|   16|         48|
    |ap_phi_mux_acc_3_V_1_phi_fu_2357_p20      |  15|          3|   16|         48|
    |ap_phi_mux_acc_4_V_1_phi_fu_2321_p20      |  15|          3|   16|         48|
    |ap_phi_mux_acc_5_V_1_phi_fu_2285_p20      |  15|          3|   16|         48|
    |ap_phi_mux_acc_6_V_1_phi_fu_2249_p20      |  15|          3|   16|         48|
    |ap_phi_mux_acc_7_V_1_phi_fu_2213_p20      |  15|          3|   16|         48|
    |ap_phi_mux_acc_8_V_1_phi_fu_2177_p20      |  15|          3|   16|         48|
    |ap_phi_mux_acc_9_V_1_phi_fu_2141_p20      |  15|          3|   16|         48|
    |ap_phi_mux_in_index_0_i47_phi_fu_1847_p6  |  15|          3|   32|         96|
    |ap_phi_mux_p_Val2_48_phi_fu_2825_p20      |  15|          3|   16|         48|
    |ap_phi_mux_p_Val2_49_phi_fu_2789_p20      |  15|          3|   16|         48|
    |ap_phi_mux_p_Val2_50_phi_fu_2753_p20      |  15|          3|   16|         48|
    |ap_phi_mux_p_Val2_51_phi_fu_2717_p20      |  15|          3|   16|         48|
    |ap_phi_mux_p_Val2_52_phi_fu_2681_p20      |  15|          3|   16|         48|
    |ap_phi_mux_p_Val2_53_phi_fu_2645_p20      |  15|          3|   16|         48|
    |ap_phi_mux_p_Val2_54_phi_fu_2609_p20      |  15|          3|   16|         48|
    |ap_phi_mux_p_Val2_55_phi_fu_2573_p20      |  15|          3|   16|         48|
    |ap_phi_mux_p_Val2_56_phi_fu_2537_p20      |  15|          3|   16|         48|
    |ap_phi_mux_p_Val2_57_phi_fu_2501_p20      |  15|          3|   16|         48|
    |ap_phi_mux_w_index48_phi_fu_1833_p6       |  15|          3|   11|         33|
    |in_index_0_i47_reg_1843                   |   9|          2|   32|         64|
    |p_Val2_3244_reg_1871                      |   9|          2|   16|         32|
    |p_Val2_3342_reg_1885                      |   9|          2|   16|         32|
    |p_Val2_3440_reg_1899                      |   9|          2|   16|         32|
    |p_Val2_3538_reg_1913                      |   9|          2|   16|         32|
    |p_Val2_3636_reg_1927                      |   9|          2|   16|         32|
    |p_Val2_3734_reg_1941                      |   9|          2|   16|         32|
    |p_Val2_3832_reg_1955                      |   9|          2|   16|         32|
    |p_Val2_3930_reg_1969                      |   9|          2|   16|         32|
    |p_Val2_4028_reg_1983                      |   9|          2|   16|         32|
    |p_Val2_46_reg_1857                        |   9|          2|   16|         32|
    |w_index48_reg_1829                        |   9|          2|   11|         22|
    +------------------------------------------+----+-----------+-----+-----------+
    |Total                                     | 570|        119|  730|       1824|
    +------------------------------------------+----+-----------+-----+-----------+

    * Register: 
    +-----------------------------------+----+----+-----+-----------+
    |                Name               | FF | LUT| Bits| Const Bits|
    +-----------------------------------+----+----+-----+-----------+
    |acc_0_V_026_reg_1997               |  16|   0|   16|          0|
    |acc_1_V_025_reg_2011               |  16|   0|   16|          0|
    |acc_2_V_024_reg_2025               |  16|   0|   16|          0|
    |acc_3_V_023_reg_2039               |  16|   0|   16|          0|
    |acc_4_V_022_reg_2053               |  16|   0|   16|          0|
    |acc_5_V_021_reg_2067               |  16|   0|   16|          0|
    |acc_6_V_020_reg_2081               |  16|   0|   16|          0|
    |acc_7_V_019_reg_2095               |  16|   0|   16|          0|
    |acc_8_V_018_reg_2109               |  16|   0|   16|          0|
    |acc_9_V_017_reg_2123               |  16|   0|   16|          0|
    |ap_CS_fsm                          |   2|   0|    2|          0|
    |ap_done_reg                        |   1|   0|    1|          0|
    |ap_enable_reg_pp0_iter1            |   1|   0|    1|          0|
    |ap_enable_reg_pp0_iter2            |   1|   0|    1|          0|
    |icmp_ln151_reg_4315                |   1|   0|    1|          0|
    |icmp_ln151_reg_4315_pp0_iter1_reg  |   1|   0|    1|          0|
    |in_index_0_i47_reg_1843            |  32|   0|   32|          0|
    |out_index_reg_4319                 |   4|   0|    4|          0|
    |p_Val2_3244_reg_1871               |  16|   0|   16|          0|
    |p_Val2_3342_reg_1885               |  16|   0|   16|          0|
    |p_Val2_3440_reg_1899               |  16|   0|   16|          0|
    |p_Val2_3538_reg_1913               |  16|   0|   16|          0|
    |p_Val2_3636_reg_1927               |  16|   0|   16|          0|
    |p_Val2_3734_reg_1941               |  16|   0|   16|          0|
    |p_Val2_3832_reg_1955               |  16|   0|   16|          0|
    |p_Val2_3930_reg_1969               |  16|   0|   16|          0|
    |p_Val2_4028_reg_1983               |  16|   0|   16|          0|
    |p_Val2_46_reg_1857                 |  16|   0|   16|          0|
    |select_ln168_reg_4310              |  32|   0|   32|          0|
    |tmp_4_reg_4295                     |  16|   0|   16|          0|
    |trunc_ln1_reg_4324                 |  16|   0|   16|          0|
    |w_index48_reg_1829                 |  11|   0|   11|          0|
    |w_index_reg_4305                   |  11|   0|   11|          0|
    +-----------------------------------+----+----+-----+-----------+
    |Total                              | 449|   0|  449|          0|
    +-----------------------------------+----+----+-----+-----------+



================================================================
== Interface
================================================================
* Summary: 
+----------------+-----+-----+------------+-------------------------------------------------------+--------------+
|    RTL Ports   | Dir | Bits|  Protocol  |                     Source Object                     |    C Type    |
+----------------+-----+-----+------------+-------------------------------------------------------+--------------+
|ap_clk          |  in |    1| ap_ctrl_hs | dense_resource<ap_fixed,ap_fixed<7,6,5,3,0>,config14> | return value |
|ap_rst          |  in |    1| ap_ctrl_hs | dense_resource<ap_fixed,ap_fixed<7,6,5,3,0>,config14> | return value |
|ap_start        |  in |    1| ap_ctrl_hs | dense_resource<ap_fixed,ap_fixed<7,6,5,3,0>,config14> | return value |
|ap_done         | out |    1| ap_ctrl_hs | dense_resource<ap_fixed,ap_fixed<7,6,5,3,0>,config14> | return value |
|ap_continue     |  in |    1| ap_ctrl_hs | dense_resource<ap_fixed,ap_fixed<7,6,5,3,0>,config14> | return value |
|ap_idle         | out |    1| ap_ctrl_hs | dense_resource<ap_fixed,ap_fixed<7,6,5,3,0>,config14> | return value |
|ap_ready        | out |    1| ap_ctrl_hs | dense_resource<ap_fixed,ap_fixed<7,6,5,3,0>,config14> | return value |
|data_0_V        |  in |   15|   ap_none  |                        data_0_V                       |    pointer   |
|data_1_V        |  in |   15|   ap_none  |                        data_1_V                       |    pointer   |
|data_2_V        |  in |   15|   ap_none  |                        data_2_V                       |    pointer   |
|data_3_V        |  in |   15|   ap_none  |                        data_3_V                       |    pointer   |
|data_4_V        |  in |   15|   ap_none  |                        data_4_V                       |    pointer   |
|data_5_V        |  in |   15|   ap_none  |                        data_5_V                       |    pointer   |
|data_6_V        |  in |   15|   ap_none  |                        data_6_V                       |    pointer   |
|data_7_V        |  in |   15|   ap_none  |                        data_7_V                       |    pointer   |
|data_8_V        |  in |   15|   ap_none  |                        data_8_V                       |    pointer   |
|data_9_V        |  in |   15|   ap_none  |                        data_9_V                       |    pointer   |
|data_10_V       |  in |   15|   ap_none  |                       data_10_V                       |    pointer   |
|data_11_V       |  in |   15|   ap_none  |                       data_11_V                       |    pointer   |
|data_12_V       |  in |   15|   ap_none  |                       data_12_V                       |    pointer   |
|data_13_V       |  in |   15|   ap_none  |                       data_13_V                       |    pointer   |
|data_14_V       |  in |   15|   ap_none  |                       data_14_V                       |    pointer   |
|data_15_V       |  in |   15|   ap_none  |                       data_15_V                       |    pointer   |
|data_16_V       |  in |   15|   ap_none  |                       data_16_V                       |    pointer   |
|data_17_V       |  in |   15|   ap_none  |                       data_17_V                       |    pointer   |
|data_18_V       |  in |   15|   ap_none  |                       data_18_V                       |    pointer   |
|data_19_V       |  in |   15|   ap_none  |                       data_19_V                       |    pointer   |
|data_20_V       |  in |   15|   ap_none  |                       data_20_V                       |    pointer   |
|data_21_V       |  in |   15|   ap_none  |                       data_21_V                       |    pointer   |
|data_22_V       |  in |   15|   ap_none  |                       data_22_V                       |    pointer   |
|data_23_V       |  in |   15|   ap_none  |                       data_23_V                       |    pointer   |
|data_24_V       |  in |   15|   ap_none  |                       data_24_V                       |    pointer   |
|data_25_V       |  in |   15|   ap_none  |                       data_25_V                       |    pointer   |
|data_26_V       |  in |   15|   ap_none  |                       data_26_V                       |    pointer   |
|data_27_V       |  in |   15|   ap_none  |                       data_27_V                       |    pointer   |
|data_28_V       |  in |   15|   ap_none  |                       data_28_V                       |    pointer   |
|data_29_V       |  in |   15|   ap_none  |                       data_29_V                       |    pointer   |
|data_30_V       |  in |   15|   ap_none  |                       data_30_V                       |    pointer   |
|data_31_V       |  in |   15|   ap_none  |                       data_31_V                       |    pointer   |
|data_32_V       |  in |   15|   ap_none  |                       data_32_V                       |    pointer   |
|data_33_V       |  in |   15|   ap_none  |                       data_33_V                       |    pointer   |
|data_34_V       |  in |   15|   ap_none  |                       data_34_V                       |    pointer   |
|data_35_V       |  in |   15|   ap_none  |                       data_35_V                       |    pointer   |
|data_36_V       |  in |   15|   ap_none  |                       data_36_V                       |    pointer   |
|data_37_V       |  in |   15|   ap_none  |                       data_37_V                       |    pointer   |
|data_38_V       |  in |   15|   ap_none  |                       data_38_V                       |    pointer   |
|data_39_V       |  in |   15|   ap_none  |                       data_39_V                       |    pointer   |
|data_40_V       |  in |   15|   ap_none  |                       data_40_V                       |    pointer   |
|data_41_V       |  in |   15|   ap_none  |                       data_41_V                       |    pointer   |
|data_42_V       |  in |   15|   ap_none  |                       data_42_V                       |    pointer   |
|data_43_V       |  in |   15|   ap_none  |                       data_43_V                       |    pointer   |
|data_44_V       |  in |   15|   ap_none  |                       data_44_V                       |    pointer   |
|data_45_V       |  in |   15|   ap_none  |                       data_45_V                       |    pointer   |
|data_46_V       |  in |   15|   ap_none  |                       data_46_V                       |    pointer   |
|data_47_V       |  in |   15|   ap_none  |                       data_47_V                       |    pointer   |
|data_48_V       |  in |   15|   ap_none  |                       data_48_V                       |    pointer   |
|data_49_V       |  in |   15|   ap_none  |                       data_49_V                       |    pointer   |
|data_50_V       |  in |   15|   ap_none  |                       data_50_V                       |    pointer   |
|data_51_V       |  in |   15|   ap_none  |                       data_51_V                       |    pointer   |
|data_52_V       |  in |   15|   ap_none  |                       data_52_V                       |    pointer   |
|data_53_V       |  in |   15|   ap_none  |                       data_53_V                       |    pointer   |
|data_54_V       |  in |   15|   ap_none  |                       data_54_V                       |    pointer   |
|data_55_V       |  in |   15|   ap_none  |                       data_55_V                       |    pointer   |
|data_56_V       |  in |   15|   ap_none  |                       data_56_V                       |    pointer   |
|data_57_V       |  in |   15|   ap_none  |                       data_57_V                       |    pointer   |
|data_58_V       |  in |   15|   ap_none  |                       data_58_V                       |    pointer   |
|data_59_V       |  in |   15|   ap_none  |                       data_59_V                       |    pointer   |
|data_60_V       |  in |   15|   ap_none  |                       data_60_V                       |    pointer   |
|data_61_V       |  in |   15|   ap_none  |                       data_61_V                       |    pointer   |
|data_62_V       |  in |   15|   ap_none  |                       data_62_V                       |    pointer   |
|data_63_V       |  in |   15|   ap_none  |                       data_63_V                       |    pointer   |
|data_64_V       |  in |   15|   ap_none  |                       data_64_V                       |    pointer   |
|data_65_V       |  in |   15|   ap_none  |                       data_65_V                       |    pointer   |
|data_66_V       |  in |   15|   ap_none  |                       data_66_V                       |    pointer   |
|data_67_V       |  in |   15|   ap_none  |                       data_67_V                       |    pointer   |
|data_68_V       |  in |   15|   ap_none  |                       data_68_V                       |    pointer   |
|data_69_V       |  in |   15|   ap_none  |                       data_69_V                       |    pointer   |
|data_70_V       |  in |   15|   ap_none  |                       data_70_V                       |    pointer   |
|data_71_V       |  in |   15|   ap_none  |                       data_71_V                       |    pointer   |
|data_72_V       |  in |   15|   ap_none  |                       data_72_V                       |    pointer   |
|data_73_V       |  in |   15|   ap_none  |                       data_73_V                       |    pointer   |
|data_74_V       |  in |   15|   ap_none  |                       data_74_V                       |    pointer   |
|data_75_V       |  in |   15|   ap_none  |                       data_75_V                       |    pointer   |
|data_76_V       |  in |   15|   ap_none  |                       data_76_V                       |    pointer   |
|data_77_V       |  in |   15|   ap_none  |                       data_77_V                       |    pointer   |
|data_78_V       |  in |   15|   ap_none  |                       data_78_V                       |    pointer   |
|data_79_V       |  in |   15|   ap_none  |                       data_79_V                       |    pointer   |
|data_80_V       |  in |   15|   ap_none  |                       data_80_V                       |    pointer   |
|data_81_V       |  in |   15|   ap_none  |                       data_81_V                       |    pointer   |
|data_82_V       |  in |   15|   ap_none  |                       data_82_V                       |    pointer   |
|data_83_V       |  in |   15|   ap_none  |                       data_83_V                       |    pointer   |
|data_84_V       |  in |   15|   ap_none  |                       data_84_V                       |    pointer   |
|data_85_V       |  in |   15|   ap_none  |                       data_85_V                       |    pointer   |
|data_86_V       |  in |   15|   ap_none  |                       data_86_V                       |    pointer   |
|data_87_V       |  in |   15|   ap_none  |                       data_87_V                       |    pointer   |
|data_88_V       |  in |   15|   ap_none  |                       data_88_V                       |    pointer   |
|data_89_V       |  in |   15|   ap_none  |                       data_89_V                       |    pointer   |
|data_90_V       |  in |   15|   ap_none  |                       data_90_V                       |    pointer   |
|data_91_V       |  in |   15|   ap_none  |                       data_91_V                       |    pointer   |
|data_92_V       |  in |   15|   ap_none  |                       data_92_V                       |    pointer   |
|data_93_V       |  in |   15|   ap_none  |                       data_93_V                       |    pointer   |
|data_94_V       |  in |   15|   ap_none  |                       data_94_V                       |    pointer   |
|data_95_V       |  in |   15|   ap_none  |                       data_95_V                       |    pointer   |
|data_96_V       |  in |   15|   ap_none  |                       data_96_V                       |    pointer   |
|data_97_V       |  in |   15|   ap_none  |                       data_97_V                       |    pointer   |
|data_98_V       |  in |   15|   ap_none  |                       data_98_V                       |    pointer   |
|data_99_V       |  in |   15|   ap_none  |                       data_99_V                       |    pointer   |
|data_100_V      |  in |   15|   ap_none  |                       data_100_V                      |    pointer   |
|data_101_V      |  in |   15|   ap_none  |                       data_101_V                      |    pointer   |
|data_102_V      |  in |   15|   ap_none  |                       data_102_V                      |    pointer   |
|data_103_V      |  in |   15|   ap_none  |                       data_103_V                      |    pointer   |
|data_104_V      |  in |   15|   ap_none  |                       data_104_V                      |    pointer   |
|data_105_V      |  in |   15|   ap_none  |                       data_105_V                      |    pointer   |
|data_106_V      |  in |   15|   ap_none  |                       data_106_V                      |    pointer   |
|data_107_V      |  in |   15|   ap_none  |                       data_107_V                      |    pointer   |
|data_108_V      |  in |   15|   ap_none  |                       data_108_V                      |    pointer   |
|data_109_V      |  in |   15|   ap_none  |                       data_109_V                      |    pointer   |
|data_110_V      |  in |   15|   ap_none  |                       data_110_V                      |    pointer   |
|data_111_V      |  in |   15|   ap_none  |                       data_111_V                      |    pointer   |
|data_112_V      |  in |   15|   ap_none  |                       data_112_V                      |    pointer   |
|data_113_V      |  in |   15|   ap_none  |                       data_113_V                      |    pointer   |
|data_114_V      |  in |   15|   ap_none  |                       data_114_V                      |    pointer   |
|data_115_V      |  in |   15|   ap_none  |                       data_115_V                      |    pointer   |
|data_116_V      |  in |   15|   ap_none  |                       data_116_V                      |    pointer   |
|data_117_V      |  in |   15|   ap_none  |                       data_117_V                      |    pointer   |
|data_118_V      |  in |   15|   ap_none  |                       data_118_V                      |    pointer   |
|data_119_V      |  in |   15|   ap_none  |                       data_119_V                      |    pointer   |
|data_120_V      |  in |   15|   ap_none  |                       data_120_V                      |    pointer   |
|data_121_V      |  in |   15|   ap_none  |                       data_121_V                      |    pointer   |
|data_122_V      |  in |   15|   ap_none  |                       data_122_V                      |    pointer   |
|data_123_V      |  in |   15|   ap_none  |                       data_123_V                      |    pointer   |
|data_124_V      |  in |   15|   ap_none  |                       data_124_V                      |    pointer   |
|data_125_V      |  in |   15|   ap_none  |                       data_125_V                      |    pointer   |
|data_126_V      |  in |   15|   ap_none  |                       data_126_V                      |    pointer   |
|data_127_V      |  in |   15|   ap_none  |                       data_127_V                      |    pointer   |
|data_128_V      |  in |   15|   ap_none  |                       data_128_V                      |    pointer   |
|data_129_V      |  in |   15|   ap_none  |                       data_129_V                      |    pointer   |
|data_130_V      |  in |   15|   ap_none  |                       data_130_V                      |    pointer   |
|data_131_V      |  in |   15|   ap_none  |                       data_131_V                      |    pointer   |
|data_132_V      |  in |   15|   ap_none  |                       data_132_V                      |    pointer   |
|data_133_V      |  in |   15|   ap_none  |                       data_133_V                      |    pointer   |
|data_134_V      |  in |   15|   ap_none  |                       data_134_V                      |    pointer   |
|data_135_V      |  in |   15|   ap_none  |                       data_135_V                      |    pointer   |
|data_136_V      |  in |   15|   ap_none  |                       data_136_V                      |    pointer   |
|data_137_V      |  in |   15|   ap_none  |                       data_137_V                      |    pointer   |
|data_138_V      |  in |   15|   ap_none  |                       data_138_V                      |    pointer   |
|data_139_V      |  in |   15|   ap_none  |                       data_139_V                      |    pointer   |
|data_140_V      |  in |   15|   ap_none  |                       data_140_V                      |    pointer   |
|data_141_V      |  in |   15|   ap_none  |                       data_141_V                      |    pointer   |
|data_142_V      |  in |   15|   ap_none  |                       data_142_V                      |    pointer   |
|data_143_V      |  in |   15|   ap_none  |                       data_143_V                      |    pointer   |
|data_144_V      |  in |   15|   ap_none  |                       data_144_V                      |    pointer   |
|data_145_V      |  in |   15|   ap_none  |                       data_145_V                      |    pointer   |
|data_146_V      |  in |   15|   ap_none  |                       data_146_V                      |    pointer   |
|data_147_V      |  in |   15|   ap_none  |                       data_147_V                      |    pointer   |
|data_148_V      |  in |   15|   ap_none  |                       data_148_V                      |    pointer   |
|data_149_V      |  in |   15|   ap_none  |                       data_149_V                      |    pointer   |
|data_150_V      |  in |   15|   ap_none  |                       data_150_V                      |    pointer   |
|data_151_V      |  in |   15|   ap_none  |                       data_151_V                      |    pointer   |
|data_152_V      |  in |   15|   ap_none  |                       data_152_V                      |    pointer   |
|data_153_V      |  in |   15|   ap_none  |                       data_153_V                      |    pointer   |
|data_154_V      |  in |   15|   ap_none  |                       data_154_V                      |    pointer   |
|data_155_V      |  in |   15|   ap_none  |                       data_155_V                      |    pointer   |
|data_156_V      |  in |   15|   ap_none  |                       data_156_V                      |    pointer   |
|data_157_V      |  in |   15|   ap_none  |                       data_157_V                      |    pointer   |
|data_158_V      |  in |   15|   ap_none  |                       data_158_V                      |    pointer   |
|data_159_V      |  in |   15|   ap_none  |                       data_159_V                      |    pointer   |
|data_160_V      |  in |   15|   ap_none  |                       data_160_V                      |    pointer   |
|data_161_V      |  in |   15|   ap_none  |                       data_161_V                      |    pointer   |
|data_162_V      |  in |   15|   ap_none  |                       data_162_V                      |    pointer   |
|data_163_V      |  in |   15|   ap_none  |                       data_163_V                      |    pointer   |
|data_164_V      |  in |   15|   ap_none  |                       data_164_V                      |    pointer   |
|data_165_V      |  in |   15|   ap_none  |                       data_165_V                      |    pointer   |
|data_166_V      |  in |   15|   ap_none  |                       data_166_V                      |    pointer   |
|data_167_V      |  in |   15|   ap_none  |                       data_167_V                      |    pointer   |
|data_168_V      |  in |   15|   ap_none  |                       data_168_V                      |    pointer   |
|data_169_V      |  in |   15|   ap_none  |                       data_169_V                      |    pointer   |
|data_170_V      |  in |   15|   ap_none  |                       data_170_V                      |    pointer   |
|data_171_V      |  in |   15|   ap_none  |                       data_171_V                      |    pointer   |
|data_172_V      |  in |   15|   ap_none  |                       data_172_V                      |    pointer   |
|data_173_V      |  in |   15|   ap_none  |                       data_173_V                      |    pointer   |
|data_174_V      |  in |   15|   ap_none  |                       data_174_V                      |    pointer   |
|data_175_V      |  in |   15|   ap_none  |                       data_175_V                      |    pointer   |
|data_176_V      |  in |   15|   ap_none  |                       data_176_V                      |    pointer   |
|data_177_V      |  in |   15|   ap_none  |                       data_177_V                      |    pointer   |
|data_178_V      |  in |   15|   ap_none  |                       data_178_V                      |    pointer   |
|data_179_V      |  in |   15|   ap_none  |                       data_179_V                      |    pointer   |
|data_180_V      |  in |   15|   ap_none  |                       data_180_V                      |    pointer   |
|data_181_V      |  in |   15|   ap_none  |                       data_181_V                      |    pointer   |
|data_182_V      |  in |   15|   ap_none  |                       data_182_V                      |    pointer   |
|data_183_V      |  in |   15|   ap_none  |                       data_183_V                      |    pointer   |
|data_184_V      |  in |   15|   ap_none  |                       data_184_V                      |    pointer   |
|data_185_V      |  in |   15|   ap_none  |                       data_185_V                      |    pointer   |
|data_186_V      |  in |   15|   ap_none  |                       data_186_V                      |    pointer   |
|data_187_V      |  in |   15|   ap_none  |                       data_187_V                      |    pointer   |
|data_188_V      |  in |   15|   ap_none  |                       data_188_V                      |    pointer   |
|data_189_V      |  in |   15|   ap_none  |                       data_189_V                      |    pointer   |
|data_190_V      |  in |   15|   ap_none  |                       data_190_V                      |    pointer   |
|data_191_V      |  in |   15|   ap_none  |                       data_191_V                      |    pointer   |
|data_192_V      |  in |   15|   ap_none  |                       data_192_V                      |    pointer   |
|data_193_V      |  in |   15|   ap_none  |                       data_193_V                      |    pointer   |
|data_194_V      |  in |   15|   ap_none  |                       data_194_V                      |    pointer   |
|data_195_V      |  in |   15|   ap_none  |                       data_195_V                      |    pointer   |
|data_196_V      |  in |   15|   ap_none  |                       data_196_V                      |    pointer   |
|data_197_V      |  in |   15|   ap_none  |                       data_197_V                      |    pointer   |
|data_198_V      |  in |   15|   ap_none  |                       data_198_V                      |    pointer   |
|data_199_V      |  in |   15|   ap_none  |                       data_199_V                      |    pointer   |
|res_0_V         | out |    7|   ap_vld   |                        res_0_V                        |    pointer   |
|res_0_V_ap_vld  | out |    1|   ap_vld   |                        res_0_V                        |    pointer   |
|res_1_V         | out |    7|   ap_vld   |                        res_1_V                        |    pointer   |
|res_1_V_ap_vld  | out |    1|   ap_vld   |                        res_1_V                        |    pointer   |
|res_2_V         | out |    7|   ap_vld   |                        res_2_V                        |    pointer   |
|res_2_V_ap_vld  | out |    1|   ap_vld   |                        res_2_V                        |    pointer   |
|res_3_V         | out |    7|   ap_vld   |                        res_3_V                        |    pointer   |
|res_3_V_ap_vld  | out |    1|   ap_vld   |                        res_3_V                        |    pointer   |
|res_4_V         | out |    7|   ap_vld   |                        res_4_V                        |    pointer   |
|res_4_V_ap_vld  | out |    1|   ap_vld   |                        res_4_V                        |    pointer   |
|res_5_V         | out |    7|   ap_vld   |                        res_5_V                        |    pointer   |
|res_5_V_ap_vld  | out |    1|   ap_vld   |                        res_5_V                        |    pointer   |
|res_6_V         | out |    7|   ap_vld   |                        res_6_V                        |    pointer   |
|res_6_V_ap_vld  | out |    1|   ap_vld   |                        res_6_V                        |    pointer   |
|res_7_V         | out |    7|   ap_vld   |                        res_7_V                        |    pointer   |
|res_7_V_ap_vld  | out |    1|   ap_vld   |                        res_7_V                        |    pointer   |
|res_8_V         | out |    7|   ap_vld   |                        res_8_V                        |    pointer   |
|res_8_V_ap_vld  | out |    1|   ap_vld   |                        res_8_V                        |    pointer   |
|res_9_V         | out |    7|   ap_vld   |                        res_9_V                        |    pointer   |
|res_9_V_ap_vld  | out |    1|   ap_vld   |                        res_9_V                        |    pointer   |
+----------------+-----+-----+------------+-------------------------------------------------------+--------------+

